{
  "version": "1.5.0",
  "plugins_used": [
    {
      "name": "ArtifactoryDetector"
    },
    {
      "name": "AWSKeyDetector"
    },
    {
      "name": "AzureStorageKeyDetector"
    },
    {
      "name": "Base64HighEntropyString",
      "limit": 4.5
    },
    {
      "name": "BasicAuthDetector"
    },
    {
      "name": "CloudantDetector"
    },
    {
      "name": "DiscordBotTokenDetector"
    },
    {
      "name": "GitHubTokenDetector"
    },
    {
      "name": "GitLabTokenDetector"
    },
    {
      "name": "HexHighEntropyString",
      "limit": 3.0
    },
    {
      "name": "IbmCloudIamDetector"
    },
    {
      "name": "IbmCosHmacDetector"
    },
    {
      "name": "IPPublicDetector"
    },
    {
      "name": "JwtTokenDetector"
    },
    {
      "name": "KeywordDetector",
      "keyword_exclude": ""
    },
    {
      "name": "MailchimpDetector"
    },
    {
      "name": "NpmDetector"
    },
    {
      "name": "OpenAIDetector"
    },
    {
      "name": "PrivateKeyDetector"
    },
    {
      "name": "PypiTokenDetector"
    },
    {
      "name": "SendGridDetector"
    },
    {
      "name": "SlackDetector"
    },
    {
      "name": "SoftlayerDetector"
    },
    {
      "name": "SquareOAuthDetector"
    },
    {
      "name": "StripeDetector"
    },
    {
      "name": "TelegramBotTokenDetector"
    },
    {
      "name": "TwilioKeyDetector"
    }
  ],
  "filters_used": [
    {
      "path": "detect_secrets.filters.allowlist.is_line_allowlisted"
    },
    {
      "path": "detect_secrets.filters.common.is_baseline_file",
      "filename": ".secrets.baseline"
    },
    {
      "path": "detect_secrets.filters.common.is_ignored_due_to_verification_policies",
      "min_level": 2
    },
    {
      "path": "detect_secrets.filters.heuristic.is_indirect_reference"
    },
    {
      "path": "detect_secrets.filters.heuristic.is_likely_id_string"
    },
    {
      "path": "detect_secrets.filters.heuristic.is_lock_file"
    },
    {
      "path": "detect_secrets.filters.heuristic.is_not_alphanumeric_string"
    },
    {
      "path": "detect_secrets.filters.heuristic.is_potential_uuid"
    },
    {
      "path": "detect_secrets.filters.heuristic.is_prefixed_with_dollar_sign"
    },
    {
      "path": "detect_secrets.filters.heuristic.is_sequential_string"
    },
    {
      "path": "detect_secrets.filters.heuristic.is_swagger_file"
    },
    {
      "path": "detect_secrets.filters.heuristic.is_templated_secret"
    }
  ],
  "results": {
    "docker-compose.yaml": [
      {
        "type": "Secret Keyword",
        "filename": "docker-compose.yaml",
        "hashed_secret": "0121564e3b695fb2f6eca4c729939eb906a37395",
        "is_verified": false,
        "line_number": 19
      }
    ],
    "notebooks/eda/e1_conservative_eda.ipynb": [
      {
        "type": "Base64 High Entropy String",
        "filename": "notebooks/eda/e1_conservative_eda.ipynb",
        "hashed_secret": "0c8175eaff4894f462cd63161812d5d376b44aad",
        "is_verified": false,
        "line_number": 560
      },
      {
        "type": "Base64 High Entropy String",
        "filename": "notebooks/eda/e1_conservative_eda.ipynb",
        "hashed_secret": "f070a7310f3f05a82352d8168e386b9fb9d2fcb9",
        "is_verified": false,
        "line_number": 620
      },
      {
        "type": "Base64 High Entropy String",
        "filename": "notebooks/eda/e1_conservative_eda.ipynb",
        "hashed_secret": "39fc3b5bd65f6f274d0a5a815afaee3ee2114101",
        "is_verified": false,
        "line_number": 689
      },
      {
        "type": "Base64 High Entropy String",
        "filename": "notebooks/eda/e1_conservative_eda.ipynb",
        "hashed_secret": "a995a33b782a550c14252dfe21948355ae93eada",
        "is_verified": false,
        "line_number": 756
      },
      {
        "type": "Base64 High Entropy String",
        "filename": "notebooks/eda/e1_conservative_eda.ipynb",
        "hashed_secret": "fd389321b5652aa1cdf28fbdf22e210e750a3bca",
        "is_verified": false,
        "line_number": 830
      },
      {
        "type": "Base64 High Entropy String",
        "filename": "notebooks/eda/e1_conservative_eda.ipynb",
        "hashed_secret": "4baaf3a9226f2c98561ae769d1fc488ec67aea32",
        "is_verified": false,
        "line_number": 998
      },
      {
        "type": "Base64 High Entropy String",
        "filename": "notebooks/eda/e1_conservative_eda.ipynb",
        "hashed_secret": "ffc31add2e8fef9bb80b90f95953af47ef057d2a",
        "is_verified": false,
        "line_number": 1027
      },
      {
        "type": "Base64 High Entropy String",
        "filename": "notebooks/eda/e1_conservative_eda.ipynb",
        "hashed_secret": "2eb3638a3865edf3b09f33aedf32765cd51056b9",
        "is_verified": false,
        "line_number": 1150
      },
      {
        "type": "Base64 High Entropy String",
        "filename": "notebooks/eda/e1_conservative_eda.ipynb",
        "hashed_secret": "d05e70fb948d7d221310db52908480836ffc880d",
        "is_verified": false,
        "line_number": 1160
      },
      {
        "type": "Base64 High Entropy String",
        "filename": "notebooks/eda/e1_conservative_eda.ipynb",
        "hashed_secret": "5517422eddcd25bba4d6e5be3524b711facca5ef",
        "is_verified": false,
        "line_number": 1269
      },
      {
        "type": "Base64 High Entropy String",
        "filename": "notebooks/eda/e1_conservative_eda.ipynb",
        "hashed_secret": "dc5121fcd28f32cb141436a38bf3b2d3a3bf5a9c",
        "is_verified": false,
        "line_number": 1355
      },
      {
        "type": "Base64 High Entropy String",
        "filename": "notebooks/eda/e1_conservative_eda.ipynb",
        "hashed_secret": "3ba061b7e8370f1abfcc65c7a6b0e2c289877d87",
        "is_verified": false,
        "line_number": 1430
      },
      {
        "type": "Base64 High Entropy String",
        "filename": "notebooks/eda/e1_conservative_eda.ipynb",
        "hashed_secret": "513da9355acb1ed212b228021e6a171ae00fb53e",
        "is_verified": false,
        "line_number": 1502
      },
      {
        "type": "Base64 High Entropy String",
        "filename": "notebooks/eda/e1_conservative_eda.ipynb",
        "hashed_secret": "8e09dad08f95b1b824b11d4c32e01bdcccf022e3",
        "is_verified": false,
        "line_number": 2118
      }
    ],
    "notebooks/eda/e2_moderate_eda.ipynb": [
      {
        "type": "Base64 High Entropy String",
        "filename": "notebooks/eda/e2_moderate_eda.ipynb",
        "hashed_secret": "26398e5d0f75b485315f513d7f06e0ef6b80c133",
        "is_verified": false,
        "line_number": 428
      },
      {
        "type": "Base64 High Entropy String",
        "filename": "notebooks/eda/e2_moderate_eda.ipynb",
        "hashed_secret": "07035c32d2f01dad0809af6e5e035a56319aba4c",
        "is_verified": false,
        "line_number": 488
      },
      {
        "type": "Base64 High Entropy String",
        "filename": "notebooks/eda/e2_moderate_eda.ipynb",
        "hashed_secret": "22c3b98cf3ff4e6af5b7a4913a2eb45ca44fc9b4",
        "is_verified": false,
        "line_number": 557
      },
      {
        "type": "Base64 High Entropy String",
        "filename": "notebooks/eda/e2_moderate_eda.ipynb",
        "hashed_secret": "94ae06cf07750771f1a4a0d731b3610db8f221d3",
        "is_verified": false,
        "line_number": 621
      },
      {
        "type": "Base64 High Entropy String",
        "filename": "notebooks/eda/e2_moderate_eda.ipynb",
        "hashed_secret": "a1a9c27f7fbdc8d2d32e8bd70cce27dd1c5c31b8",
        "is_verified": false,
        "line_number": 690
      },
      {
        "type": "Base64 High Entropy String",
        "filename": "notebooks/eda/e2_moderate_eda.ipynb",
        "hashed_secret": "afb2af94610dc93a88b17506c48afd924b90f8e0",
        "is_verified": false,
        "line_number": 700
      },
      {
        "type": "Base64 High Entropy String",
        "filename": "notebooks/eda/e2_moderate_eda.ipynb",
        "hashed_secret": "9404a0557d413f748d2727a5d16aa3865cdc48f8",
        "is_verified": false,
        "line_number": 867
      },
      {
        "type": "Base64 High Entropy String",
        "filename": "notebooks/eda/e2_moderate_eda.ipynb",
        "hashed_secret": "d35c073174b6d1dcde46b3350042e803bc507967",
        "is_verified": false,
        "line_number": 890
      },
      {
        "type": "Base64 High Entropy String",
        "filename": "notebooks/eda/e2_moderate_eda.ipynb",
        "hashed_secret": "972164f5df7a759f28e13a4424bd5e97c1070b67",
        "is_verified": false,
        "line_number": 1046
      },
      {
        "type": "Base64 High Entropy String",
        "filename": "notebooks/eda/e2_moderate_eda.ipynb",
        "hashed_secret": "eac3b411a349f3ac5ec9ecae2c37be0b814fdec2",
        "is_verified": false,
        "line_number": 1056
      },
      {
        "type": "Base64 High Entropy String",
        "filename": "notebooks/eda/e2_moderate_eda.ipynb",
        "hashed_secret": "22b3f55fb80009bcb31c309b41c459bc9816f3ff",
        "is_verified": false,
        "line_number": 1133
      },
      {
        "type": "Base64 High Entropy String",
        "filename": "notebooks/eda/e2_moderate_eda.ipynb",
        "hashed_secret": "89ee6855b944d87a7fcfdae1ba585b40fbfb7864",
        "is_verified": false,
        "line_number": 1208
      },
      {
        "type": "Base64 High Entropy String",
        "filename": "notebooks/eda/e2_moderate_eda.ipynb",
        "hashed_secret": "2f500de41598bfe45592da9ea6d5d8e3b7a2c6b4",
        "is_verified": false,
        "line_number": 1295
      },
      {
        "type": "Base64 High Entropy String",
        "filename": "notebooks/eda/e2_moderate_eda.ipynb",
        "hashed_secret": "47d42dd33dc5a442c5b04a00487d11c85e95c07e",
        "is_verified": false,
        "line_number": 1649
      },
      {
        "type": "Base64 High Entropy String",
        "filename": "notebooks/eda/e2_moderate_eda.ipynb",
        "hashed_secret": "a580efc1af5c35e5605c783e8a2c4644877c2891",
        "is_verified": false,
        "line_number": 1887
      }
    ],
    "notebooks/eda/e3_intraday_eda.ipynb": [
      {
        "type": "Base64 High Entropy String",
        "filename": "notebooks/eda/e3_intraday_eda.ipynb",
        "hashed_secret": "1778bd717dc0597ccd352a58698b982d8d353a72",
        "is_verified": false,
        "line_number": 366
      },
      {
        "type": "Base64 High Entropy String",
        "filename": "notebooks/eda/e3_intraday_eda.ipynb",
        "hashed_secret": "f005075ba6ccaf9dfaac78c186ce155679a15588",
        "is_verified": false,
        "line_number": 432
      },
      {
        "type": "Base64 High Entropy String",
        "filename": "notebooks/eda/e3_intraday_eda.ipynb",
        "hashed_secret": "3ddee26100a72d6e3e9b2dc9b10667cb3ed985ef",
        "is_verified": false,
        "line_number": 480
      },
      {
        "type": "Base64 High Entropy String",
        "filename": "notebooks/eda/e3_intraday_eda.ipynb",
        "hashed_secret": "cd6bee50cf0cd283a69bb8b7e50f050fbe684b3d",
        "is_verified": false,
        "line_number": 526
      },
      {
        "type": "Base64 High Entropy String",
        "filename": "notebooks/eda/e3_intraday_eda.ipynb",
        "hashed_secret": "ca98afb4f25d6d4df232f189f174cc752370dad7",
        "is_verified": false,
        "line_number": 580
      },
      {
        "type": "Base64 High Entropy String",
        "filename": "notebooks/eda/e3_intraday_eda.ipynb",
        "hashed_secret": "318a0aceb257322f23349ee97df1b3856eaa1934",
        "is_verified": false,
        "line_number": 627
      },
      {
        "type": "Base64 High Entropy String",
        "filename": "notebooks/eda/e3_intraday_eda.ipynb",
        "hashed_secret": "9c8bae0b7be7e534d8d3350bc5323d24f78adfd0",
        "is_verified": false,
        "line_number": 703
      },
      {
        "type": "Base64 High Entropy String",
        "filename": "notebooks/eda/e3_intraday_eda.ipynb",
        "hashed_secret": "1e324b40170ca1591704641ef82ee01b39904f42",
        "is_verified": false,
        "line_number": 755
      },
      {
        "type": "Base64 High Entropy String",
        "filename": "notebooks/eda/e3_intraday_eda.ipynb",
        "hashed_secret": "f6c567dbde2c50f2de7b16aeaccc66cc1d1e56fe",
        "is_verified": false,
        "line_number": 809
      },
      {
        "type": "Base64 High Entropy String",
        "filename": "notebooks/eda/e3_intraday_eda.ipynb",
        "hashed_secret": "bb1ef7ce6dc32926bb6a7f6505f094a02fc1785f",
        "is_verified": false,
        "line_number": 939
      },
      {
        "type": "Base64 High Entropy String",
        "filename": "notebooks/eda/e3_intraday_eda.ipynb",
        "hashed_secret": "edb5762983e5ea5a1887afb79245015e56b4b895",
        "is_verified": false,
        "line_number": 1137
      },
      {
        "type": "Base64 High Entropy String",
        "filename": "notebooks/eda/e3_intraday_eda.ipynb",
        "hashed_secret": "aa16cb1b1bb44e2dbfe46c56346e0f24643eb740",
        "is_verified": false,
        "line_number": 1258
      },
      {
        "type": "Base64 High Entropy String",
        "filename": "notebooks/eda/e3_intraday_eda.ipynb",
        "hashed_secret": "811c659a16c65cc0bf762ba3ad532584cbe609b9",
        "is_verified": false,
        "line_number": 1344
      },
      {
        "type": "Base64 High Entropy String",
        "filename": "notebooks/eda/e3_intraday_eda.ipynb",
        "hashed_secret": "34bfed1e8cb92d262e2bae5f9bac2fc779424114",
        "is_verified": false,
        "line_number": 1403
      },
      {
        "type": "Base64 High Entropy String",
        "filename": "notebooks/eda/e3_intraday_eda.ipynb",
        "hashed_secret": "1fe05849ce76216782684523b6c9ac8be21a6e25",
        "is_verified": false,
        "line_number": 1463
      },
      {
        "type": "Base64 High Entropy String",
        "filename": "notebooks/eda/e3_intraday_eda.ipynb",
        "hashed_secret": "46bb86d15b3aeaae0fbe621f5fce7ae757e878ae",
        "is_verified": false,
        "line_number": 1584
      },
      {
        "type": "Base64 High Entropy String",
        "filename": "notebooks/eda/e3_intraday_eda.ipynb",
        "hashed_secret": "31b852c003afc63149c351e4af7729dc05f2c79f",
        "is_verified": false,
        "line_number": 1776
      }
    ],
    "skills-lock.json": [
      {
        "type": "Hex High Entropy String",
        "filename": "skills-lock.json",
        "hashed_secret": "d15597df91f8d082501cb1f9c6b9e7910f08bff1",
        "is_verified": false,
        "line_number": 8
      },
      {
        "type": "Hex High Entropy String",
        "filename": "skills-lock.json",
        "hashed_secret": "2d595210256182ff9706df86c6b2ac677c9b54b5",
        "is_verified": false,
        "line_number": 14
      }
    ],
    "src/dashboard/README_DASHBOARD.md": [
      {
        "type": "Basic Auth Credentials",
        "filename": "src/dashboard/README_DASHBOARD.md",
        "hashed_secret": "9d4e1e23bd5b727046a9e3b4b7db57bd8d6ee684",
        "is_verified": false,
        "line_number": 368
      }
    ]
  },
  "generated_at": "2026-07-21T20:51:48Z"
}
